<html>
<body>
<pre>
<h1>礦ision Build Log</h1>
<h2>Tool Versions:</h2>
IDE-Version: μVision V5.18.0.0
Copyright (C) 2016 ARM Ltd and ARM Germany GmbH. All rights reserved.
License Information: admin admin, admin, LIC=MGX01-CQLLD-03QM2-9C2PV-2KWDF-AABIC
 
Tool Versions:
Toolchain:       MDK-ARM Professional  Version: 5.18
Toolchain Path:  C:\Keil_v5\ARM\ARMCC\Bin
C Compiler:      Armcc.exe V5.06 update 1 (build 61)
Assembler:       Armasm.exe V5.06 update 1 (build 61)
Linker/Locator:  ArmLink.exe V5.06 update 1 (build 61)
Library Manager: ArmAr.exe V5.06 update 1 (build 61)
Hex Converter:   FromElf.exe V5.06 update 1 (build 61)
CPU DLL:         SARMCM3.DLL V5.18
Dialog DLL:      DCM.DLL V1.13.6.0
Target DLL:      STLink\ST-LINKIII-KEIL_SWO.dll V2.0.18.0
Dialog DLL:      TCM.DLL V1.14.8.0
 
<h2>Project:</h2>
D:\project\工程\Easy_SSD1306\USER\oled.uvprojx
Project File Date:  02/07/2020

<h2>Output:</h2>
*** Using Compiler 'V5.06 update 1 (build 61)', folder: 'C:\Keil_v5\ARM\ARMCC\Bin'
Build target 'Target 1'
compiling main.c...
compiling Easy_SSD1306_STM32F1.c...
..\HARDWARE\Easy_SSD1306\Easy_SSD1306_STM32F1.c(62): warning:  #177-D: function "ssd1306_pow" was declared but never referenced
  static u32 ssd1306_pow(u8 m,u8 n)
..\HARDWARE\Easy_SSD1306\Easy_SSD1306_STM32F1.c: 1 warning, 0 errors
linking...
Program Size: Code=3504 RO-data=12428 RW-data=92 ZI-data=2860  
FromELF: creating hex file...
".\Objects\oled.axf" - 0 Error(s), 1 Warning(s).

<h2>Collection of Component include folders:</h2>
  D:\project\工程\Easy_SSD1306\USER\RTE
  C:\Keil_v5\ARM\PACK\Keil\STM32F1xx_DFP\2.0.0\Device\Include

<h2>Collection of Component Files used:</h2>
Build Time Elapsed:  00:00:01
</pre>
</body>
</html>
